2026-07-16 10:11:07 - plush_app - INFO - init_db.py:14 - 开始初始化数据库，路径：/Users/andrew/Desktop/plush_factory_management/database/data/plush_db.sqlite
2026-07-16 10:11:07 - plush_app - INFO - init_db.py:81 - 数据表创建完成，默认工序初始化成功
2026-07-16 10:12:50 - plush_app - INFO - init_db.py:14 - 开始初始化数据库，路径：/Users/andrew/Desktop/plush_factory_management/database/data/plush_db.sqlite
2026-07-16 10:12:50 - plush_app - INFO - init_db.py:81 - 数据表创建完成，默认工序初始化成功
2026-07-16 10:12:50 - plush_app - INFO - db_core.py:28 - SQLite 数据库连接已创建
2026-07-16 10:17:41 - plush_app - INFO - quote_calc_service.py:37 - 批量调价完成，倍率:1.1
2026-07-16 10:17:41 - plush_app - INFO - quote_calc_service.py:37 - 批量调价完成，倍率:1.1
2026-07-16 10:17:42 - plush_app - INFO - quote_calc_service.py:37 - 批量调价完成，倍率:1.1
2026-07-16 10:17:42 - plush_app - INFO - quote_calc_service.py:37 - 批量调价完成，倍率:1.1
2026-07-16 10:17:43 - plush_app - INFO - quote_calc_service.py:37 - 批量调价完成，倍率:0.9
2026-07-16 10:17:44 - plush_app - INFO - quote_calc_service.py:37 - 批量调价完成，倍率:0.9
2026-07-16 10:17:44 - plush_app - INFO - quote_calc_service.py:37 - 批量调价完成，倍率:0.9
2026-07-16 10:17:45 - plush_app - INFO - quote_calc_service.py:37 - 批量调价完成，倍率:0.9
2026-07-16 10:20:18 - plush_app - INFO - quote_model.py:60 - 报价单1 工序明细批量保存成功
2026-07-16 10:20:18 - plush_app - INFO - quote_calc_service.py:80 - 新报价单保存成功 ID:1 NO:Q84168418 总价:13.8
2026-07-16 10:20:20 - plush_app - INFO - quote_price_page.py:190 - 用户保存报价单成功 ID=1
2026-07-16 10:20:23 - plush_app - INFO - schedule_dashboard.py:88 - 默认加载报价单ID:1
2026-07-16 10:20:24 - plush_app - INFO - schedule_dashboard.py:88 - 默认加载报价单ID:1
2026-07-16 10:20:24 - plush_app - INFO - schedule_dashboard.py:88 - 默认加载报价单ID:1
2026-07-16 10:20:24 - plush_app - INFO - schedule_dashboard.py:88 - 默认加载报价单ID:1
2026-07-16 10:20:25 - plush_app - INFO - schedule_dashboard.py:88 - 默认加载报价单ID:1
2026-07-16 10:20:25 - plush_app - INFO - schedule_dashboard.py:88 - 默认加载报价单ID:1
2026-07-16 10:20:25 - plush_app - INFO - schedule_dashboard.py:88 - 默认加载报价单ID:1
2026-07-16 10:20:25 - plush_app - INFO - schedule_dashboard.py:88 - 默认加载报价单ID:1
2026-07-16 10:20:25 - plush_app - INFO - schedule_dashboard.py:88 - 默认加载报价单ID:1
2026-07-16 10:20:26 - plush_app - INFO - schedule_dashboard.py:88 - 默认加载报价单ID:1
2026-07-16 10:20:27 - plush_app - INFO - schedule_dashboard.py:88 - 默认加载报价单ID:1
2026-07-16 10:20:33 - plush_app - INFO - schedule_model.py:26 - 已为报价单1初始化全套工序排期
2026-07-16 10:20:33 - plush_app - INFO - schedule_track_service.py:20 - 排期看板初始化完成 -> 报价单ID:1
2026-07-16 10:20:36 - plush_app - INFO - schedule_dashboard.py:88 - 默认加载报价单ID:1
